{"pagination":{"last_visible_page":6,"has_next_page":true,"current_page":1,"items":{"count":5,"total":30,"per_page":5}},"data":[{"mal_id":20,"url":"https:\/\/myanimelist.net\/anime\/20\/Naruto","images":{"jpg":{"image_url":"https:\/\/cdn.myanimelist.net\/images\/anime\/1141\/142503.jpg","small_image_url":"https:\/\/cdn.myanimelist.net\/images\/anime\/1141\/142503t.jpg","large_image_url":"https:\/\/cdn.myanimelist.net\/images\/anime\/1141\/142503l.jpg"},"webp":{"image_url":"https:\/\/cdn.myanimelist.net\/images\/anime\/1141\/142503.webp","small_image_url":"https:\/\/cdn.myanimelist.net\/images\/anime\/1141\/142503t.webp","large_image_url":"https:\/\/cdn.myanimelist.net\/images\/anime\/1141\/142503l.webp"}},"trailer":{"youtube_id":null,"url":null,"embed_url":null,"images":{"image_url":null,"small_image_url":null,"medium_image_url":null,"large_image_url":null,"maximum_image_url":null}},"approved":true,"titles":[{"type":"Default","title":"Naruto"},{"type":"Synonym","title":"NARUTO"},{"type":"Japanese","title":"\u30ca\u30eb\u30c8"},{"type":"English","title":"Naruto"}],"title":"Naruto","title_english":"Naruto","title_japanese":"\u30ca\u30eb\u30c8","title_synonyms":["NARUTO"],"type":"TV","source":"Manga","episodes":220,"status":"Finished Airing","airing":false,"aired":{"from":"2002-10-03T00:00:00+00:00","to":"2007-02-08T00:00:00+00:00","prop":{"from":{"day":3,"month":10,"year":2002},"to":{"day":8,"month":2,"year":2007}},"string":"Oct 3, 2002 to Feb 8, 2007"},"duration":"23 min per ep","rating":"PG-13 - Teens 13 or older","score":8.02,"scored_by":2119162,"rank":696,"popularity":9,"members":3081524,"favorites":85593,"synopsis":"Twelve years ago, a colossal demon fox terrorized the world. During the monster's attack on the Hidden Leaf Village, the Hokage\u2014the village's leader and most powerful ninja\u2014sacrifices himself to seal the beast inside a newborn, relieving civilization from destruction while dooming the baby to a lonely life.\n\nNow, after years of being shunned and bullied, Naruto Uzumaki pesters the village with elaborate pranks and vandalism. Despite these antics, he works hard to achieve his dream: to become the Hokage and earn the acknowledgement of those who have mistreated him for his entire life. Naruto joins Team 7, a ninja squad made up of two of his peers\u2014prodigy Sasuke Uchiha and clever Sakura Haruno.\n\nUnder the aloof Kakashi Hatake's leadership, Team 7 takes on a series of difficult missions, forcing its members to grow in strength and comradery despite their many differences. Naruto strives to stand out in his rivalry with Sasuke and earn the romantic affection of Sakura. But as the trio brush against danger and death, their tragic pasts threaten to tear them apart.\n\n[Written by MAL Rewrite]","background":"Naruto received numerous awards during its airing, including the Best Full-Length Animation Program Award in the third UStv Awards and the 38th Best Animated Show in IGN's Top 100 Animated Series. The anime was released on DVD in 16 volumes by VIZ Media from July 4, 2006, to September 22, 2009. The company rereleased it in eight volumes from October 6, 2009, to December 14, 2010. VIZ Media also made available a Blu-ray version in eight volumes from November 3, 2020, to October 18, 2022. The series adapts the first 27 volumes of the original manga.","season":"fall","year":2002,"broadcast":{"day":"Thursdays","time":"19:30","timezone":"Asia\/Tokyo","string":"Thursdays at 19:30 (JST)"},"producers":[{"mal_id":16,"type":"anime","name":"TV Tokyo","url":"https:\/\/myanimelist.net\/anime\/producer\/16\/TV_Tokyo"},{"mal_id":17,"type":"anime","name":"Aniplex","url":"https:\/\/myanimelist.net\/anime\/producer\/17\/Aniplex"}],"licensors":[{"mal_id":119,"type":"anime","name":"VIZ Media","url":"https:\/\/myanimelist.net\/anime\/producer\/119\/VIZ_Media"}],"studios":[{"mal_id":1,"type":"anime","name":"Studio Pierrot","url":"https:\/\/myanimelist.net\/anime\/producer\/1\/Studio_Pierrot"}],"genres":[{"mal_id":1,"type":"anime","name":"Action","url":"https:\/\/myanimelist.net\/anime\/genre\/1\/Action"},{"mal_id":2,"type":"anime","name":"Adventure","url":"https:\/\/myanimelist.net\/anime\/genre\/2\/Adventure"},{"mal_id":10,"type":"anime","name":"Fantasy","url":"https:\/\/myanimelist.net\/anime\/genre\/10\/Fantasy"}],"explicit_genres":[],"themes":[{"mal_id":17,"type":"anime","name":"Martial Arts","url":"https:\/\/myanimelist.net\/anime\/genre\/17\/Martial_Arts"}],"demographics":[{"mal_id":27,"type":"anime","name":"Shounen","url":"https:\/\/myanimelist.net\/anime\/genre\/27\/Shounen"}]},{"mal_id":16870,"url":"https:\/\/myanimelist.net\/anime\/16870\/The_Last__Naruto_the_Movie","images":{"jpg":{"image_url":"https:\/\/cdn.myanimelist.net\/images\/anime\/1491\/134498.jpg","small_image_url":"https:\/\/cdn.myanimelist.net\/images\/anime\/1491\/134498t.jpg","large_image_url":"https:\/\/cdn.myanimelist.net\/images\/anime\/1491\/134498l.jpg"},"webp":{"image_url":"https:\/\/cdn.myanimelist.net\/images\/anime\/1491\/134498.webp","small_image_url":"https:\/\/cdn.myanimelist.net\/images\/anime\/1491\/134498t.webp","large_image_url":"https:\/\/cdn.myanimelist.net\/images\/anime\/1491\/134498l.webp"}},"trailer":{"youtube_id":null,"url":null,"embed_url":"https:\/\/www.youtube-nocookie.com\/embed\/tA3yE4_t6SY?enablejsapi=1&wmode=opaque&autoplay=1","images":{"image_url":null,"small_image_url":null,"medium_image_url":null,"large_image_url":null,"maximum_image_url":null}},"approved":true,"titles":[{"type":"Default","title":"The Last: Naruto the Movie"},{"type":"Synonym","title":"Naruto Movie 10: Naruto the Movie: The Last,Naruto: Shippuuden Movie 7 - The Last"},{"type":"Japanese","title":"THE LAST NARUTO THE MOVIE"},{"type":"English","title":"Naruto Shippuden the Movie 7: The Last"},{"type":"German","title":"Naruto Film 7: The Last"},{"type":"Spanish","title":"Naruto Pel\u00edcula 7: The Last"},{"type":"French","title":"Naruto Film 7: The Last"}],"title":"The Last: Naruto the Movie","title_english":"Naruto Shippuden the Movie 7: The Last","title_japanese":"THE LAST NARUTO THE MOVIE","title_synonyms":["Naruto Movie 10: Naruto the Movie: The Last,Naruto: Shippuuden Movie 7 - The Last"],"type":"Movie","source":"Manga","episodes":1,"status":"Finished Airing","airing":false,"aired":{"from":"2014-12-06T00:00:00+00:00","to":null,"prop":{"from":{"day":6,"month":12,"year":2014},"to":{"day":null,"month":null,"year":null}},"string":"Dec 6, 2014"},"duration":"1 hr 52 min","rating":"PG-13 - Teens 13 or older","score":7.79,"scored_by":437826,"rank":1129,"popularity":366,"members":662009,"favorites":2330,"synopsis":"Two years have passed since the end of the Fourth Great Ninja War. Konohagakure has remained in a state of peace and harmony\u2014until Sixth Hokage Kakashi Hatake notices the moon is dangerously approaching the Earth, posing the threat of planetary ruin.\n\nAmidst the grave ordeal, Konoha is invaded by a new evil, Toneri Oosutuski, who suddenly abducts Hinata Hyuuga's little sister Hanabi. Kakashi dispatches a skilled ninja team comprised of Naruto Uzumaki, Sakura Haruno, Shikamaru Nara, Sai, and Hinata in an effort to rescue Hanabi from the diabolical clutches of Toneri. However, during their mission, the team faces several obstacles that challenge them, foiling their efforts.\n\nWith her abduction, the relationships the team share with one another are tested, and with the world reaching the brink of destruction, they must race against time to ensure the safety of their planet. Meanwhile, as the battle ensues, Naruto is driven to fight for something greater than he has ever imagined\u2014love.\n\n[Written by MAL Rewrite]","background":"The events in the film The Last: Naruto the Movie take place chronologically between chapters 699 and 700 of the original manga. It is the tenth animated film in the Naruto series and was made to commemorate the manga's 15th anniversary.","season":null,"year":null,"broadcast":{"day":null,"time":null,"timezone":null,"string":null},"producers":[{"mal_id":16,"type":"anime","name":"TV Tokyo","url":"https:\/\/myanimelist.net\/anime\/producer\/16\/TV_Tokyo"},{"mal_id":1365,"type":"anime","name":"Shueisha","url":"https:\/\/myanimelist.net\/anime\/producer\/1365\/Shueisha"}],"licensors":[{"mal_id":119,"type":"anime","name":"VIZ Media","url":"https:\/\/myanimelist.net\/anime\/producer\/119\/VIZ_Media"}],"studios":[{"mal_id":1,"type":"anime","name":"Studio Pierrot","url":"https:\/\/myanimelist.net\/anime\/producer\/1\/Studio_Pierrot"}],"genres":[{"mal_id":1,"type":"anime","name":"Action","url":"https:\/\/myanimelist.net\/anime\/genre\/1\/Action"},{"mal_id":2,"type":"anime","name":"Adventure","url":"https:\/\/myanimelist.net\/anime\/genre\/2\/Adventure"},{"mal_id":10,"type":"anime","name":"Fantasy","url":"https:\/\/myanimelist.net\/anime\/genre\/10\/Fantasy"},{"mal_id":22,"type":"anime","name":"Romance","url":"https:\/\/myanimelist.net\/anime\/genre\/22\/Romance"}],"explicit_genres":[],"themes":[],"demographics":[{"mal_id":27,"type":"anime","name":"Shounen","url":"https:\/\/myanimelist.net\/anime\/genre\/27\/Shounen"}]},{"mal_id":28755,"url":"https:\/\/myanimelist.net\/anime\/28755\/Boruto__Naruto_the_Movie","images":{"jpg":{"image_url":"https:\/\/cdn.myanimelist.net\/images\/anime\/4\/78280.jpg","small_image_url":"https:\/\/cdn.myanimelist.net\/images\/anime\/4\/78280t.jpg","large_image_url":"https:\/\/cdn.myanimelist.net\/images\/anime\/4\/78280l.jpg"},"webp":{"image_url":"https:\/\/cdn.myanimelist.net\/images\/anime\/4\/78280.webp","small_image_url":"https:\/\/cdn.myanimelist.net\/images\/anime\/4\/78280t.webp","large_image_url":"https:\/\/cdn.myanimelist.net\/images\/anime\/4\/78280l.webp"}},"trailer":{"youtube_id":null,"url":null,"embed_url":"https:\/\/www.youtube-nocookie.com\/embed\/ld-oqpvOBAk?enablejsapi=1&wmode=opaque&autoplay=1","images":{"image_url":null,"small_image_url":null,"medium_image_url":null,"large_image_url":null,"maximum_image_url":null}},"approved":true,"titles":[{"type":"Default","title":"Boruto: Naruto the Movie"},{"type":"Synonym","title":"Gekijouban Naruto (2015)"},{"type":"Japanese","title":"BORUTO -NARUTO THE MOVIE-"},{"type":"English","title":"Boruto: Naruto the Movie"},{"type":"German","title":"Boruto: Naruto The Movie"},{"type":"Spanish","title":"Boruto: Naruto La Pel\u00edcula"},{"type":"French","title":"Boruto: Naruto Le Film"}],"title":"Boruto: Naruto the Movie","title_english":"Boruto: Naruto the Movie","title_japanese":"BORUTO -NARUTO THE MOVIE-","title_synonyms":["Gekijouban Naruto (2015)"],"type":"Movie","source":"Manga","episodes":1,"status":"Finished Airing","airing":false,"aired":{"from":"2015-08-07T00:00:00+00:00","to":null,"prop":{"from":{"day":7,"month":8,"year":2015},"to":{"day":null,"month":null,"year":null}},"string":"Aug 7, 2015"},"duration":"1 hr 35 min","rating":"PG-13 - Teens 13 or older","score":7.37,"scored_by":316742,"rank":2638,"popularity":515,"members":494274,"favorites":1011,"synopsis":"The spirited Boruto Uzumaki, son of Seventh Hokage Naruto, is a skilled ninja who possesses the same brashness and passion his father once had. However, the constant absence of his father, who is busy with his Hokage duties, puts a damper on Boruto's fire. Upon learning that his father will watch the aspiring ninjas who will participate in the upcoming Chunin exams, Boruto is driven to prove to him that he is worthy of his attention. In order to do so, he enlists the help of Naruto's childhood friend and rival, Sasuke Uchiha. \n\nThe Chunin exams begin and progress smoothly, until suddenly, the Konohagakure is attacked by a new foe that threatens the long-standing peace of the village. Now facing real danger, Naruto and his comrades must work together to protect the future of their cherished home and defeat the evil that terrorizes their world. As this battle ensues, Boruto comes to realize the struggles his father once experienced\u2014and what it truly means to be a ninja.\n\n[Written by MAL Rewrite]","background":"Boruto: Naruto the Movie is officially the highest grossing feature film in the entire Naruto franchise, and was number 11 on Japan's Top Grossing Domestic Movies of 2015. This is the first time that original creator Masashi Kishimoto has written the entire screenplay for a Naruto movie.","season":null,"year":null,"broadcast":{"day":null,"time":null,"timezone":null,"string":null},"producers":[{"mal_id":245,"type":"anime","name":"TOHO","url":"https:\/\/myanimelist.net\/anime\/producer\/245\/TOHO"},{"mal_id":1365,"type":"anime","name":"Shueisha","url":"https:\/\/myanimelist.net\/anime\/producer\/1365\/Shueisha"}],"licensors":[{"mal_id":119,"type":"anime","name":"VIZ Media","url":"https:\/\/myanimelist.net\/anime\/producer\/119\/VIZ_Media"}],"studios":[{"mal_id":1,"type":"anime","name":"Studio Pierrot","url":"https:\/\/myanimelist.net\/anime\/producer\/1\/Studio_Pierrot"}],"genres":[{"mal_id":1,"type":"anime","name":"Action","url":"https:\/\/myanimelist.net\/anime\/genre\/1\/Action"},{"mal_id":2,"type":"anime","name":"Adventure","url":"https:\/\/myanimelist.net\/anime\/genre\/2\/Adventure"},{"mal_id":10,"type":"anime","name":"Fantasy","url":"https:\/\/myanimelist.net\/anime\/genre\/10\/Fantasy"}],"explicit_genres":[],"themes":[{"mal_id":17,"type":"anime","name":"Martial Arts","url":"https:\/\/myanimelist.net\/anime\/genre\/17\/Martial_Arts"}],"demographics":[{"mal_id":27,"type":"anime","name":"Shounen","url":"https:\/\/myanimelist.net\/anime\/genre\/27\/Shounen"}]},{"mal_id":13667,"url":"https:\/\/myanimelist.net\/anime\/13667\/Naruto__Shippuuden_Movie_6_-_Road_to_Ninja","images":{"jpg":{"image_url":"https:\/\/cdn.myanimelist.net\/images\/anime\/1620\/94336.jpg","small_image_url":"https:\/\/cdn.myanimelist.net\/images\/anime\/1620\/94336t.jpg","large_image_url":"https:\/\/cdn.myanimelist.net\/images\/anime\/1620\/94336l.jpg"},"webp":{"image_url":"https:\/\/cdn.myanimelist.net\/images\/anime\/1620\/94336.webp","small_image_url":"https:\/\/cdn.myanimelist.net\/images\/anime\/1620\/94336t.webp","large_image_url":"https:\/\/cdn.myanimelist.net\/images\/anime\/1620\/94336l.webp"}},"trailer":{"youtube_id":null,"url":null,"embed_url":"https:\/\/www.youtube-nocookie.com\/embed\/TDpYU8OmD-k?enablejsapi=1&wmode=opaque&autoplay=1","images":{"image_url":null,"small_image_url":null,"medium_image_url":null,"large_image_url":null,"maximum_image_url":null}},"approved":true,"titles":[{"type":"Default","title":"Naruto: Shippuuden Movie 6 - Road to Ninja"},{"type":"Synonym","title":"Naruto Movie 9"},{"type":"Japanese","title":"ROAD TO NINJA NARUTO THE MOVIE"},{"type":"English","title":"Naruto Shippuden the Movie 6: Road to Ninja"},{"type":"German","title":"Naruto Film 6: Road to Ninja"},{"type":"French","title":"Naruto Film 6: Road to Ninja"}],"title":"Naruto: Shippuuden Movie 6 - Road to Ninja","title_english":"Naruto Shippuden the Movie 6: Road to Ninja","title_japanese":"ROAD TO NINJA NARUTO THE MOVIE","title_synonyms":["Naruto Movie 9"],"type":"Movie","source":"Manga","episodes":1,"status":"Finished Airing","airing":false,"aired":{"from":"2012-07-28T00:00:00+00:00","to":null,"prop":{"from":{"day":28,"month":7,"year":2012},"to":{"day":null,"month":null,"year":null}},"string":"Jul 28, 2012"},"duration":"1 hr 49 min","rating":"PG-13 - Teens 13 or older","score":7.69,"scored_by":224343,"rank":1415,"popularity":714,"members":377179,"favorites":664,"synopsis":"Returning home to Konohagakure, the young ninja celebrate defeating a group of supposed Akatsuki members. Naruto Uzumaki and Sakura Haruno, however, feel differently. Naruto is jealous of his comrades' congratulatory families, wishing for the presence of his own parents. Sakura, on the other hand, is angry at her embarrassing parents, and wishes for no parents at all. The two clash over their opposing ideals, but are faced with a more pressing matter when the masked Madara Uchiha suddenly appears and transports them to an alternate world.\n\nIn this world, Sakura's parents are considered heroes\u2014for they gave their lives to protect Konohagakure from the Nine-Tailed Fox attack 10 years ago. Consequently, Naruto's parents, Minato Namikaze and Kushina Uzumaki, are alive and well. Unable to return home or find the masked Madara, Naruto and Sakura stay in this new world and enjoy the changes they have always longed for. All seems well for the two ninja, until an unexpected threat emerges that pushes Naruto and Sakura to not only fight for the Konohagakure of the alternate world, but also to find a way back to their own.\n\n[Written by MAL Rewrite]","background":"","season":null,"year":null,"broadcast":{"day":null,"time":null,"timezone":null,"string":null},"producers":[{"mal_id":16,"type":"anime","name":"TV Tokyo","url":"https:\/\/myanimelist.net\/anime\/producer\/16\/TV_Tokyo"},{"mal_id":17,"type":"anime","name":"Aniplex","url":"https:\/\/myanimelist.net\/anime\/producer\/17\/Aniplex"},{"mal_id":53,"type":"anime","name":"Dentsu","url":"https:\/\/myanimelist.net\/anime\/producer\/53\/Dentsu"},{"mal_id":245,"type":"anime","name":"TOHO","url":"https:\/\/myanimelist.net\/anime\/producer\/245\/TOHO"},{"mal_id":1365,"type":"anime","name":"Shueisha","url":"https:\/\/myanimelist.net\/anime\/producer\/1365\/Shueisha"}],"licensors":[{"mal_id":119,"type":"anime","name":"VIZ Media","url":"https:\/\/myanimelist.net\/anime\/producer\/119\/VIZ_Media"}],"studios":[{"mal_id":1,"type":"anime","name":"Studio Pierrot","url":"https:\/\/myanimelist.net\/anime\/producer\/1\/Studio_Pierrot"}],"genres":[{"mal_id":1,"type":"anime","name":"Action","url":"https:\/\/myanimelist.net\/anime\/genre\/1\/Action"},{"mal_id":2,"type":"anime","name":"Adventure","url":"https:\/\/myanimelist.net\/anime\/genre\/2\/Adventure"},{"mal_id":10,"type":"anime","name":"Fantasy","url":"https:\/\/myanimelist.net\/anime\/genre\/10\/Fantasy"}],"explicit_genres":[],"themes":[{"mal_id":62,"type":"anime","name":"Isekai","url":"https:\/\/myanimelist.net\/anime\/genre\/62\/Isekai"}],"demographics":[{"mal_id":27,"type":"anime","name":"Shounen","url":"https:\/\/myanimelist.net\/anime\/genre\/27\/Shounen"}]},{"mal_id":442,"url":"https:\/\/myanimelist.net\/anime\/442\/Naruto_Movie_1__Dai_Katsugeki_Yuki_Hime_Ninpouchou_Dattebayo","images":{"jpg":{"image_url":"https:\/\/cdn.myanimelist.net\/images\/anime\/1231\/134484.jpg","small_image_url":"https:\/\/cdn.myanimelist.net\/images\/anime\/1231\/134484t.jpg","large_image_url":"https:\/\/cdn.myanimelist.net\/images\/anime\/1231\/134484l.jpg"},"webp":{"image_url":"https:\/\/cdn.myanimelist.net\/images\/anime\/1231\/134484.webp","small_image_url":"https:\/\/cdn.myanimelist.net\/images\/anime\/1231\/134484t.webp","large_image_url":"https:\/\/cdn.myanimelist.net\/images\/anime\/1231\/134484l.webp"}},"trailer":{"youtube_id":null,"url":null,"embed_url":null,"images":{"image_url":null,"small_image_url":null,"medium_image_url":null,"large_image_url":null,"maximum_image_url":null}},"approved":true,"titles":[{"type":"Default","title":"Naruto Movie 1: Dai Katsugeki!! Yuki Hime Ninpouchou Dattebayo!"},{"type":"Synonym","title":"Naruto: Daikatsugeki! Yukihime Ninpocho Dattebayo!"},{"type":"Synonym","title":"Naruto: It's the Snow Princess' Ninja Art Book!"},{"type":"Japanese","title":"\u5287\u5834\u7248\u3000NARUTO\u3000\u5927\u6d3b\u5287\uff01\u96ea\u59eb\u5fcd\u6cd5\u5e16\u3060\u3063\u3066\u3070\u3088!!"},{"type":"English","title":"Naruto the Movie 1: Ninja Clash in the Land of Snow"},{"type":"German","title":"Naruto Der Film: Geheimmission im Land des Ewigen Schnees"},{"type":"French","title":"Naruto Le Film: Naruto et la Princesse des Neiges"}],"title":"Naruto Movie 1: Dai Katsugeki!! Yuki Hime Ninpouchou Dattebayo!","title_english":"Naruto the Movie 1: Ninja Clash in the Land of Snow","title_japanese":"\u5287\u5834\u7248\u3000NARUTO\u3000\u5927\u6d3b\u5287\uff01\u96ea\u59eb\u5fcd\u6cd5\u5e16\u3060\u3063\u3066\u3070\u3088!!","title_synonyms":["Naruto: Daikatsugeki! Yukihime Ninpocho Dattebayo!","Naruto: It's the Snow Princess' Ninja Art Book!"],"type":"Movie","source":"Manga","episodes":1,"status":"Finished Airing","airing":false,"aired":{"from":"2004-08-21T00:00:00+00:00","to":null,"prop":{"from":{"day":21,"month":8,"year":2004},"to":{"day":null,"month":null,"year":null}},"string":"Aug 21, 2004"},"duration":"1 hr 22 min","rating":"PG-13 - Teens 13 or older","score":7.13,"scored_by":192764,"rank":3973,"popularity":876,"members":317699,"favorites":331,"synopsis":"Naruto Uzumaki and his squadmates, Sasuke Uchiha and Sakura Haruno, are sent on a mission to escort a movie crew on its way to film in the Land of Snow. They soon find out that they are accompanying a famous actress, Yukie Fujikaze, who persistently refuses to travel there, making the trip far more difficult than originally intended. After a surprising encounter with ninjas from the Land of Snow, Naruto discovers that there is more to Yukie than meets the eye.\n \nDai Katsugeki!! Yuki Hime Ninpouchou Dattebayo! follows the group as they attempt to overcome the obstacles in the Land of Snow and unveil Yukie's true purpose there as well.\n\n[Written by MAL Rewrite]","background":"","season":null,"year":null,"broadcast":{"day":null,"time":null,"timezone":null,"string":null},"producers":[{"mal_id":17,"type":"anime","name":"Aniplex","url":"https:\/\/myanimelist.net\/anime\/producer\/17\/Aniplex"},{"mal_id":230,"type":"anime","name":"Bandai","url":"https:\/\/myanimelist.net\/anime\/producer\/230\/Bandai"},{"mal_id":717,"type":"anime","name":"TV Tokyo Music","url":"https:\/\/myanimelist.net\/anime\/producer\/717\/TV_Tokyo_Music"},{"mal_id":1365,"type":"anime","name":"Shueisha","url":"https:\/\/myanimelist.net\/anime\/producer\/1365\/Shueisha"}],"licensors":[{"mal_id":119,"type":"anime","name":"VIZ Media","url":"https:\/\/myanimelist.net\/anime\/producer\/119\/VIZ_Media"}],"studios":[{"mal_id":1,"type":"anime","name":"Studio Pierrot","url":"https:\/\/myanimelist.net\/anime\/producer\/1\/Studio_Pierrot"}],"genres":[{"mal_id":1,"type":"anime","name":"Action","url":"https:\/\/myanimelist.net\/anime\/genre\/1\/Action"},{"mal_id":2,"type":"anime","name":"Adventure","url":"https:\/\/myanimelist.net\/anime\/genre\/2\/Adventure"},{"mal_id":10,"type":"anime","name":"Fantasy","url":"https:\/\/myanimelist.net\/anime\/genre\/10\/Fantasy"}],"explicit_genres":[],"themes":[],"demographics":[{"mal_id":27,"type":"anime","name":"Shounen","url":"https:\/\/myanimelist.net\/anime\/genre\/27\/Shounen"}]}]}
